// Jest Snapshot v1, https://goo.gl/fbAQLP

exports[`given data render slider pic with data 1`] = `
<div
  class="sc-jrsJCI jcQVQn"
>
  1
   / 
  3
</div>
`;
